
D:\Minh Tuan\Projects\FEMM\2026\subdomain\IPM\test\FEResultsData\
-----------------------------------------------------------------

D:\Minh Tuan\Projects\FEMM\2026\subdomain\IPM\test\FEResultsData\
-----------------------------------------------------------------

D:\Minh Tuan\Projects\FEMM\2026\subdomain\IPM\test\FEResultsData\
-----------------------------------------------------------------

D:\Minh Tuan\Projects\FEMM\2026\subdomain\IPM\test\FEResultsData\
-----------------------------------------------------------------

D:\Minh Tuan\Projects\FEMM\2026\subdomain\IPM\test\FEResultsData\
-----------------------------------------------------------------

D:\Minh Tuan\Projects\FEMM\2026\subdomain\IPM\test\FEResultsData\
-----------------------------------------------------------------

D:\Minh Tuan\Projects\FEMM\2026\subdomain\IPM\test\FEResultsData\
-----------------------------------------------------------------

D:\Minh Tuan\Projects\FEMM\2026\subdomain\IPM\test\FEResultsData\
-----------------------------------------------------------------

D:\Minh Tuan\Projects\FEMM\2026\subdomain\IPM\test\FEResultsData\
-----------------------------------------------------------------

D:\Minh Tuan\Projects\FEMM\2026\subdomain\IPM\test\FEResultsData\
-----------------------------------------------------------------

D:\Minh Tuan\Projects\FEMM\2026\subdomain\IPM\test\FEResultsData\
-----------------------------------------------------------------

D:\Minh Tuan\Projects\FEMM\2026\subdomain\IPM\test\FEResultsData\
-----------------------------------------------------------------

D:\Minh Tuan\Projects\FEMM\2026\subdomain\IPM\test\FEResultsData\
-----------------------------------------------------------------

D:\Minh Tuan\Projects\FEMM\2026\subdomain\IPM\test\FEResultsData\
-----------------------------------------------------------------

D:\Minh Tuan\Projects\FEMM\2026\subdomain\IPM\test\FEResultsData\
-----------------------------------------------------------------

D:\Minh Tuan\Projects\FEMM\2026\subdomain\IPM\test\FEResultsData\
-----------------------------------------------------------------

D:\Minh Tuan\Projects\FEMM\2026\subdomain\IPM\test\FEResultsData\
-----------------------------------------------------------------

D:\Minh Tuan\Projects\FEMM\2026\subdomain\IPM\test\FEResultsData\
-----------------------------------------------------------------

D:\Minh Tuan\Projects\FEMM\2026\subdomain\IPM\test\FEResultsData\
-----------------------------------------------------------------

D:\Minh Tuan\Projects\FEMM\2026\subdomain\IPM\test\FEResultsData\
-----------------------------------------------------------------

D:\Minh Tuan\Projects\FEMM\2026\subdomain\IPM\test\FEResultsData\
-----------------------------------------------------------------

D:\Minh Tuan\Projects\FEMM\2026\subdomain\IPM\test\FEResultsData\
-----------------------------------------------------------------

D:\Minh Tuan\Projects\FEMM\2026\subdomain\IPM\test\FEResultsData\
-----------------------------------------------------------------

D:\Minh Tuan\Projects\FEMM\2026\subdomain\IPM\test\FEResultsData\
-----------------------------------------------------------------

D:\Minh Tuan\Projects\FEMM\2026\subdomain\IPM\test\FEResultsData\
-----------------------------------------------------------------

D:\Minh Tuan\Projects\FEMM\2026\subdomain\IPM\test\FEResultsData\
-----------------------------------------------------------------

D:\Minh Tuan\Projects\FEMM\2026\subdomain\IPM\test\FEResultsData\
-----------------------------------------------------------------

D:\Minh Tuan\Projects\FEMM\2026\subdomain\IPM\test\FEResultsData\
-----------------------------------------------------------------

D:\Minh Tuan\Projects\FEMM\2026\subdomain\IPM\test\FEResultsData\
-----------------------------------------------------------------

D:\Minh Tuan\Projects\FEMM\2026\subdomain\IPM\test\FEResultsData\
-----------------------------------------------------------------

D:\Minh Tuan\Projects\FEMM\2026\subdomain\IPM\test\FEResultsData\
-----------------------------------------------------------------

D:\Minh Tuan\Projects\FEMM\2026\subdomain\IPM\test\FEResultsData\
-----------------------------------------------------------------

D:\Minh Tuan\Projects\FEMM\2026\subdomain\IPM\test\FEResultsData\
-----------------------------------------------------------------
